Starting T1
Starting T2
Starting T3
Starting T4
Starting T5
Starting T6
T1 got read lock on x1 having value 10
T2 got read lock on x2 having value 20
T3 got read lock on x3 having value 30
T4 got read lock on x4 having value 40
T5 got read lock on x5 having value 50
T6 got read lock on x6 having value 60
T3 got read lock on x6 having value 60
DEBUG| T6 did not get write lock on x1 site: 2
T6 is blocked for a write lock by T1 on x1
DEBUG| T1 did not get write lock on x2 site: 1
T1 is blocked for a write lock by T2 on x2
DEBUG| T6 did not get write lock on x1 site: 2
T6 is blocked for a write lock by T1 on x1
DEBUG| T2 did not get write lock on x3 site: 4
T2 is blocked for a write lock by T3 on x3
DEBUG| T6 did not get write lock on x1 site: 2
T6 is blocked for a write lock by T1 on x1
DEBUG| T1 did not get write lock on x2 site: 1
T1 is blocked for a write lock by T2 on x2
DEBUG| T3 did not get write lock on x4 site: 1
T3 is blocked for a write lock by T4 on x4
DEBUG| T6 did not get write lock on x1 site: 2
T6 is blocked for a write lock by T1 on x1
DEBUG| T1 did not get write lock on x2 site: 1
T1 is blocked for a write lock by T2 on x2
DEBUG| T2 did not get write lock on x3 site: 4
T2 is blocked for a write lock by T3 on x3
DEBUG| T4 did not get write lock on x5 site: 6
T4 is blocked for a write lock by T5 on x5
DEBUG| T6 did not get write lock on x1 site: 2
T6 is blocked for a write lock by T1 on x1
DEBUG| T1 did not get write lock on x2 site: 1
T1 is blocked for a write lock by T2 on x2
DEBUG| T2 did not get write lock on x3 site: 4
T2 is blocked for a write lock by T3 on x3
DEBUG| T3 did not get write lock on x4 site: 1
T3 is blocked for a write lock by T4 on x4
DEBUG| T5 did not get write lock on x6 site: 1
T5 is blocked for a write lock by T6 on x6
T5 is blocked for a write lock by T3 on x6
T6 aborted as it is youngest in a deadlock
DEBUG| Clearing site locks for T6 variable: x6
Clearing locks for T6 variable: x6
T5 aborted as it is youngest in a deadlock
DEBUG| Clearing site locks for T5 variable: x5
Clearing locks for T5 variable: x5
DEBUG| Clearing site locks for T5 variable: x6
Clearing locks for T5 variable: x6
DEBUG| T1 did not get write lock on x2 site: 1
T1 is blocked for a write lock by T2 on x2
DEBUG| T2 did not get write lock on x3 site: 4
T2 is blocked for a write lock by T3 on x3
DEBUG| T3 did not get write lock on x4 site: 1
T3 is blocked for a write lock by T4 on x4
T4 got write lock on x5
T1 read the value 10 of variable x1
T1 committed
DEBUG| Clearing site locks for T1 variable: x1
Clearing locks for T1 variable: x1
DEBUG| Clearing site locks for T1 variable: x2
Clearing locks for T1 variable: x2
DEBUG| T2 did not get write lock on x3 site: 4
T2 is blocked for a write lock by T3 on x3
DEBUG| T3 did not get write lock on x4 site: 1
DEBUG| T2 did not get write lock on x3 site: 4
T2 is blocked for a write lock by T3 on x3
DEBUG| T3 did not get write lock on x4 site: 1
T2 read the value 20 of variable x2
T2 committed
DEBUG| Clearing site locks for T2 variable: x2
Clearing locks for T2 variable: x2
DEBUG| T3 did not get write lock on x4 site: 1
DEBUG| T3 did not get write lock on x4 site: 1
T3 read the value 60 of variable x6
T3 read the value 30 of variable x3
T3 committed
DEBUG| Clearing site locks for T3 variable: x3
Clearing locks for T3 variable: x3
DEBUG| Clearing site locks for T3 variable: x4
Clearing locks for T3 variable: x4
DEBUG| Clearing site locks for T3 variable: x6
Clearing locks for T3 variable: x6
T4 read the value 40 of variable x4
T4 write the value 45 of variable x5
T4 committed
DEBUG| Clearing site locks for T4 variable: x4
Clearing locks for T4 variable: x4
DEBUG| Clearing site locks for T4 variable: x5
Clearing locks for T4 variable: x5
=== Site 1 ===
x20: 200 at site 1
x16: 160 at site 1
x14: 140 at site 1
x10: 100 at site 1
x8: 80 at site 1
x6: 60 at site 1
x4: 40 at site 1
x18: 180 at site 1
x12: 120 at site 1
x2: 20 at site 1
=== Site 2 ===
x20: 200 at site 2
x16: 160 at site 2
x14: 140 at site 2
x8: 80 at site 2
x6: 60 at site 2
x11: 110 at site 2
x4: 40 at site 2
x18: 180 at site 2
x12: 120 at site 2
x2: 20 at site 2
x10: 100 at site 2
x1: 10 at site 2
=== Site 3 ===
x20: 200 at site 3
x16: 160 at site 3
x14: 140 at site 3
x10: 100 at site 3
x8: 80 at site 3
x6: 60 at site 3
x4: 40 at site 3
x18: 180 at site 3
x12: 120 at site 3
x2: 20 at site 3
=== Site 4 ===
x20: 200 at site 4
x16: 160 at site 4
x14: 140 at site 4
x10: 100 at site 4
x6: 60 at site 4
x4: 40 at site 4
x13: 130 at site 4
x8: 80 at site 4
x3: 30 at site 4
x18: 180 at site 4
x12: 120 at site 4
x2: 20 at site 4
=== Site 5 ===
x20: 200 at site 5
x16: 160 at site 5
x14: 140 at site 5
x10: 100 at site 5
x8: 80 at site 5
x6: 60 at site 5
x4: 40 at site 5
x18: 180 at site 5
x12: 120 at site 5
x2: 20 at site 5
=== Site 6 ===
x20: 200 at site 6
x14: 140 at site 6
x15: 150 at site 6
x10: 100 at site 6
x8: 80 at site 6
x6: 60 at site 6
x16: 160 at site 6
x5: 45 at site 6
x4: 40 at site 6
x18: 180 at site 6
x12: 120 at site 6
x2: 20 at site 6
=== Site 7 ===
x20: 200 at site 7
x16: 160 at site 7
x14: 140 at site 7
x10: 100 at site 7
x8: 80 at site 7
x6: 60 at site 7
x4: 40 at site 7
x18: 180 at site 7
x12: 120 at site 7
x2: 20 at site 7
=== Site 8 ===
x17: 170 at site 8
x16: 160 at site 8
x14: 140 at site 8
x10: 100 at site 8
x8: 80 at site 8
x20: 200 at site 8
x7: 70 at site 8
x6: 60 at site 8
x4: 40 at site 8
x18: 180 at site 8
x12: 120 at site 8
x2: 20 at site 8
=== Site 9 ===
x20: 200 at site 9
x16: 160 at site 9
x14: 140 at site 9
x10: 100 at site 9
x8: 80 at site 9
x6: 60 at site 9
x4: 40 at site 9
x18: 180 at site 9
x12: 120 at site 9
x2: 20 at site 9
=== Site 10 ===
x16: 160 at site 10
x19: 190 at site 10
x14: 140 at site 10
x10: 100 at site 10
x20: 200 at site 10
x9: 90 at site 10
x8: 80 at site 10
x6: 60 at site 10
x4: 40 at site 10
x18: 180 at site 10
x12: 120 at site 10
x2: 20 at site 10
